2025-09-16 12:39:43,075 - INFO - Loaded checkpoint with 3825 dates
2025-09-16 12:39:43,075 - INFO - Archive Builder initialized with config: {'sst_root': '/Net/work/ozavala/DATA/GOFFISH/SST/OISST/', 'sss_root': '/Net/work/ozavala/DATA/GOFFISH/SSS/SMAP_Global/', 'aviso_root': '/Net/work/ozavala/DATA/GOFFISH/AVISO/GoM/', 'new_aviso_root': '/Net/work/ozavala/DATA/GOFFISH/AVISO/GoM/CMEMS_GLOBAL_PHY_ANFC/', 'api_url': 'https://ozavala.coaps.fsu.edu/nespreso_grid', 'output_dir': '/Net/work/ozavala/DATA/SubSurfaceFields/NeSPReSO', 'checkpoint_file': '/Net/work/ozavala/DATA/SubSurfaceFields/NeSPReSO/archive_checkpoint.json', 'max_workers': 4, 'retry_attempts': 3, 'retry_delay': 5}
2025-09-16 12:39:43,075 - INFO - Checkpoint file found. Do you want to resume? (y/n): 
2025-09-16 12:39:50,541 - INFO - Resuming archive building...
2025-09-16 12:39:50,541 - INFO - Resuming archive building from checkpoint...
2025-09-16 12:39:50,541 - INFO - Scanning for newly available complete dates to update checkpoint...
2025-09-16 12:39:50,541 - INFO - Getting complete dates using scanner...
2025-09-16 12:39:58,339 - INFO - Computed common start year across sources: SST=2002, SSS=2015, AVISO=1993 -> start_year=2015
2025-09-16 12:39:58,353 - INFO - Found 3826 dates with complete satellite data (daily intersection)
2025-09-16 12:39:58,353 - INFO - Initializing date statuses...
2025-09-16 12:39:58,437 - INFO - Checkpoint saved successfully
2025-09-16 12:39:58,437 - INFO - Converting checkpoint data to date statuses...
2025-09-16 12:39:58,442 - INFO - Converted 3826 date statuses from checkpoint
2025-09-16 12:39:58,443 - INFO - Found 2 unprocessed dates to continue with...
2025-09-16 12:39:58,443 - INFO - Starting batch processing of dates...
2025-09-16 12:39:58,443 - INFO - Found 2 dates to process
2025-09-16 12:39:58,443 - INFO - Submitting 2 tasks to thread pool...
2025-09-16 12:39:58,444 - INFO - Processing date 20190708 (attempt 18)
2025-09-16 12:39:58,444 - INFO - Processing date 20250916 (attempt 1)
2025-09-16 12:39:58,444 - INFO - All tasks submitted. Processing results...
2025-09-16 12:39:58,445 - INFO - Querying NeSPReSO API for date: 2019-07-08
2025-09-16 12:39:58,445 - INFO - Querying NeSPReSO API for date: 2025-09-16
2025-09-16 12:39:59,276 - ERROR - Date 2019-07-08: API request failed with status 503: {"error":"Satellite data unavailable: No locations remaining after satellite data filtering. Please try again later."}

2025-09-16 12:39:59,276 - ERROR - Date 20190708 failed after 18 attempts
2025-09-16 12:39:59,354 - INFO - Checkpoint saved successfully
2025-09-16 12:39:59,354 - INFO - Progress: 0/2 dates completed, 1 failed
2025-09-16 12:39:59,861 - INFO - Successfully processed date 2025-09-16, saved to /Net/work/ozavala/DATA/SubSurfaceFields/NeSPReSO/nespreso_grid_2025-09-16.nc
2025-09-16 12:39:59,862 - INFO - Date 20250916 processed successfully
2025-09-16 12:39:59,943 - INFO - Checkpoint saved successfully
2025-09-16 12:39:59,944 - INFO - Batch processing completed. 1/2 dates processed successfully, 1 failed
2025-09-16 12:39:59,944 - INFO - Generating summary report...
2025-09-16 12:40:00,001 - INFO - Summary report saved to /Net/work/ozavala/DATA/SubSurfaceFields/NeSPReSO/archive_summary.json
2025-09-16 12:40:00,001 - INFO - Archive Summary: 3825/3826 dates processed successfully (100.0%)
2025-09-22 11:01:25,926 - INFO - Loaded checkpoint with 3831 dates
2025-09-22 11:01:25,926 - INFO - Archive Builder initialized with config: {'sst_root': '/Net/work/ozavala/DATA/GOFFISH/SST/OISST/', 'sss_root': '/Net/work/ozavala/DATA/GOFFISH/SSS/SMAP_Global/', 'aviso_root': '/Net/work/ozavala/DATA/GOFFISH/AVISO/GoM/', 'new_aviso_root': '/Net/work/ozavala/DATA/GOFFISH/AVISO/GoM/CMEMS_GLOBAL_PHY_ANFC/', 'api_url': 'https://ozavala.coaps.fsu.edu/nespreso_grid', 'output_dir': '/Net/work/ozavala/DATA/SubSurfaceFields/NeSPReSO', 'checkpoint_file': '/Net/work/ozavala/DATA/SubSurfaceFields/NeSPReSO/archive_checkpoint.json', 'max_workers': 4, 'retry_attempts': 3, 'retry_delay': 5}
2025-09-22 11:01:25,926 - INFO - Resuming archive building...
2025-09-22 11:01:25,926 - INFO - Resuming archive building from checkpoint...
2025-09-22 11:01:25,926 - INFO - Scanning for newly available complete dates to update checkpoint...
2025-09-22 11:01:25,926 - INFO - Getting complete dates using scanner...
2025-09-22 11:01:32,693 - INFO - Computed common start year across sources: SST=2002, SSS=2015, AVISO=1993 -> start_year=2015
2025-09-22 11:01:32,706 - INFO - Found 3831 dates with complete satellite data (daily intersection)
2025-09-22 11:01:32,707 - INFO - Initializing date statuses...
2025-09-22 11:01:32,784 - INFO - Checkpoint saved successfully
2025-09-22 11:01:32,785 - INFO - Converting checkpoint data to date statuses...
2025-09-22 11:01:32,790 - INFO - Converted 3831 date statuses from checkpoint
2025-09-22 11:01:32,790 - INFO - Found 1 unprocessed dates to continue with...
2025-09-22 11:01:32,790 - INFO - Starting batch processing of dates...
2025-09-22 11:01:32,790 - INFO - Found 1 dates to process
2025-09-22 11:01:32,790 - INFO - Submitting 1 tasks to thread pool...
2025-09-22 11:01:32,791 - INFO - Processing date 20190708 (attempt 25)
2025-09-22 11:01:32,791 - INFO - All tasks submitted. Processing results...
2025-09-22 11:01:32,792 - INFO - Querying NeSPReSO API for date: 2019-07-08
2025-09-22 11:01:32,993 - ERROR - Date 2019-07-08: API request failed with status 503: {"error":"Satellite data unavailable: No locations remaining after satellite data filtering. Please try again later."}

2025-09-22 11:01:32,994 - ERROR - Date 20190708 failed after 25 attempts
2025-09-22 11:01:33,070 - INFO - Checkpoint saved successfully
2025-09-22 11:01:33,070 - INFO - Progress: 0/1 dates completed, 1 failed
2025-09-22 11:01:33,139 - INFO - Checkpoint saved successfully
2025-09-22 11:01:33,139 - INFO - Batch processing completed. 0/1 dates processed successfully, 1 failed
2025-09-22 11:01:33,139 - INFO - Generating summary report...
2025-09-22 11:01:33,180 - INFO - Summary report saved to /Net/work/ozavala/DATA/SubSurfaceFields/NeSPReSO/archive_summary.json
2025-09-22 11:01:33,180 - INFO - Archive Summary: 3830/3831 dates processed successfully (100.0%)
2025-09-22 11:03:02,581 - INFO - Loaded checkpoint with 3831 dates
2025-09-22 11:03:02,581 - INFO - Archive Builder initialized with config: {'sst_root': '/Net/work/ozavala/DATA/GOFFISH/SST/OISST/', 'sss_root': '/Net/work/ozavala/DATA/GOFFISH/SSS/SMAP_Global/', 'aviso_root': '/Net/work/ozavala/DATA/GOFFISH/AVISO/GoM/', 'new_aviso_root': '/Net/work/ozavala/DATA/GOFFISH/AVISO/GoM/CMEMS_GLOBAL_PHY_ANFC/', 'api_url': 'https://ozavala.coaps.fsu.edu/nespreso_grid', 'output_dir': '/Net/work/ozavala/DATA/SubSurfaceFields/NeSPReSO', 'checkpoint_file': '/Net/work/ozavala/DATA/SubSurfaceFields/NeSPReSO/archive_checkpoint.json', 'max_workers': 4, 'retry_attempts': 3, 'retry_delay': 5}
2025-09-22 11:03:02,581 - INFO - Resuming archive building...
2025-09-22 11:03:02,582 - INFO - Resuming archive building from checkpoint...
2025-09-22 11:03:02,582 - INFO - Scanning for newly available complete dates to update checkpoint...
2025-09-22 11:03:02,582 - INFO - Getting complete dates using scanner...
2025-09-22 11:03:02,801 - INFO - Computed common start year across sources: SST=2002, SSS=2015, AVISO=1993 -> start_year=2015
2025-09-22 11:03:02,815 - INFO - Found 3831 dates with complete satellite data (daily intersection)
2025-09-22 11:03:02,815 - INFO - Initializing date statuses...
2025-09-22 11:03:02,899 - INFO - Checkpoint saved successfully
2025-09-22 11:03:02,899 - INFO - Converting checkpoint data to date statuses...
2025-09-22 11:03:02,904 - INFO - Converted 3831 date statuses from checkpoint
2025-09-22 11:03:02,905 - INFO - Found 1 unprocessed dates to continue with...
2025-09-22 11:03:02,905 - INFO - Starting batch processing of dates...
2025-09-22 11:03:02,905 - INFO - Found 1 dates to process
2025-09-22 11:03:02,905 - INFO - Submitting 1 tasks to thread pool...
2025-09-22 11:03:02,905 - INFO - Processing date 20190708 (attempt 26)
2025-09-22 11:03:02,905 - INFO - All tasks submitted. Processing results...
2025-09-22 11:03:02,907 - INFO - Querying NeSPReSO API for date: 2019-07-08
2025-09-22 11:03:03,063 - ERROR - Date 2019-07-08: API request failed with status 503: {"error":"Satellite data unavailable: No locations remaining after satellite data filtering. Please try again later."}

2025-09-22 11:03:03,064 - ERROR - Date 20190708 failed after 26 attempts
2025-09-22 11:03:03,127 - INFO - Checkpoint saved successfully
2025-09-22 11:03:03,127 - INFO - Progress: 0/1 dates completed, 1 failed
2025-09-22 11:03:03,196 - INFO - Checkpoint saved successfully
2025-09-22 11:03:03,197 - INFO - Batch processing completed. 0/1 dates processed successfully, 1 failed
2025-09-22 11:03:03,197 - INFO - Generating summary report...
2025-09-22 11:03:03,245 - INFO - Summary report saved to /Net/work/ozavala/DATA/SubSurfaceFields/NeSPReSO/archive_summary.json
2025-09-22 11:03:03,246 - INFO - Archive Summary: 3830/3831 dates processed successfully (100.0%)
2025-09-24 14:43:56,390 - INFO - Loaded checkpoint with 3831 dates
2025-09-24 14:43:56,390 - INFO - Archive Builder initialized with config: {'sst_root': '/Net/work/ozavala/DATA/GOFFISH/SST/OISST/', 'sss_root': '/Net/work/ozavala/DATA/GOFFISH/SSS/SMAP_Global/', 'aviso_root': '/Net/work/ozavala/DATA/GOFFISH/AVISO/GoM/', 'new_aviso_root': '/Net/work/ozavala/DATA/GOFFISH/AVISO/GoM/CMEMS_GLOBAL_PHY_ANFC/', 'api_url': 'https://ozavala.coaps.fsu.edu/nespreso_grid', 'output_dir': '/Net/work/ozavala/DATA/SubSurfaceFields/NeSPReSO', 'checkpoint_file': '/Net/work/ozavala/DATA/SubSurfaceFields/NeSPReSO/archive_checkpoint.json', 'max_workers': 4, 'retry_attempts': 3, 'retry_delay': 5}
2025-09-24 14:43:56,390 - INFO - Resuming archive building...
2025-09-24 14:43:56,391 - INFO - Resuming archive building from checkpoint...
2025-09-24 14:43:56,391 - INFO - Scanning for newly available complete dates to update checkpoint...
2025-09-24 14:43:56,391 - INFO - Getting complete dates using scanner...
2025-09-24 14:44:05,913 - INFO - Computed common start year across sources: SST=2002, SSS=2015, AVISO=1993 -> start_year=2015
2025-09-24 14:44:05,927 - INFO - Found 3832 dates with complete satellite data (daily intersection)
2025-09-24 14:44:05,927 - INFO - Initializing date statuses...
2025-09-24 14:44:06,098 - INFO - Checkpoint saved successfully
2025-09-24 14:44:06,098 - INFO - Converting checkpoint data to date statuses...
2025-09-24 14:44:06,104 - INFO - Converted 3832 date statuses from checkpoint
2025-09-24 14:44:06,104 - INFO - Found 2 unprocessed dates to continue with...
2025-09-24 14:44:06,104 - INFO - Starting batch processing of dates...
2025-09-24 14:44:06,105 - INFO - Found 2 dates to process
2025-09-24 14:44:06,105 - INFO - Submitting 2 tasks to thread pool...
2025-09-24 14:44:06,105 - INFO - Processing date 20190708 (attempt 29)
2025-09-24 14:44:06,106 - INFO - Processing date 20250922 (attempt 1)
2025-09-24 14:44:06,106 - INFO - All tasks submitted. Processing results...
2025-09-24 14:44:06,107 - INFO - Querying NeSPReSO API for date: 2019-07-08
2025-09-24 14:44:06,107 - INFO - Querying NeSPReSO API for date: 2025-09-22
2025-09-24 14:44:09,033 - ERROR - Date 2019-07-08: API request failed with status 503: {"error":"Satellite data unavailable: No locations remaining after satellite data filtering. Please try again later."}

2025-09-24 14:44:09,034 - ERROR - Date 20190708 failed after 29 attempts
2025-09-24 14:44:09,133 - INFO - Checkpoint saved successfully
2025-09-24 14:44:09,133 - INFO - Progress: 0/2 dates completed, 1 failed
2025-09-24 14:44:09,279 - INFO - Successfully processed date 2025-09-22, saved to /Net/work/ozavala/DATA/SubSurfaceFields/NeSPReSO/nespreso_grid_2025-09-22.nc
2025-09-24 14:44:09,280 - INFO - Date 20250922 processed successfully
2025-09-24 14:44:09,363 - INFO - Checkpoint saved successfully
2025-09-24 14:44:09,364 - INFO - Batch processing completed. 1/2 dates processed successfully, 1 failed
2025-09-24 14:44:09,364 - INFO - Generating summary report...
2025-09-24 14:44:09,474 - INFO - Summary report saved to /Net/work/ozavala/DATA/SubSurfaceFields/NeSPReSO/archive_summary.json
2025-09-24 14:44:09,474 - INFO - Archive Summary: 3831/3832 dates processed successfully (100.0%)
2025-09-26 13:40:27,494 - INFO - Loaded checkpoint with 3832 dates
2025-09-26 13:40:27,494 - INFO - Archive Builder initialized with config: {'sst_root': '/Net/work/ozavala/DATA/GOFFISH/SST/OISST/', 'sss_root': '/Net/work/ozavala/DATA/GOFFISH/SSS/SMAP_Global/', 'aviso_root': '/Net/work/ozavala/DATA/GOFFISH/AVISO/GoM/', 'new_aviso_root': '/Net/work/ozavala/DATA/GOFFISH/AVISO/GoM/CMEMS_GLOBAL_PHY_ANFC/', 'api_url': 'https://ozavala.coaps.fsu.edu/nespreso_grid', 'output_dir': '/Net/work/ozavala/DATA/SubSurfaceFields/NeSPReSO', 'checkpoint_file': '/Net/work/ozavala/DATA/SubSurfaceFields/NeSPReSO/archive_checkpoint.json', 'max_workers': 4, 'retry_attempts': 3, 'retry_delay': 5}
2025-09-26 13:40:27,520 - INFO - Resuming archive building...
2025-09-26 13:40:27,527 - INFO - Resuming archive building from checkpoint...
2025-09-26 13:40:27,546 - INFO - Scanning for newly available complete dates to update checkpoint...
2025-09-26 13:40:27,567 - INFO - Getting complete dates using scanner...
2025-09-26 13:40:51,418 - INFO - Computed common start year across sources: SST=2002, SSS=2015, AVISO=1993 -> start_year=2015
2025-09-26 13:40:51,432 - INFO - Found 3836 dates with complete satellite data (daily intersection)
2025-09-26 13:40:51,436 - INFO - Initializing date statuses...
2025-09-26 13:40:51,599 - INFO - Checkpoint saved successfully
2025-09-26 13:40:51,599 - INFO - Converting checkpoint data to date statuses...
2025-09-26 13:40:51,610 - INFO - Converted 3836 date statuses from checkpoint
2025-09-26 13:40:51,619 - INFO - Found 5 unprocessed dates to continue with...
2025-09-26 13:40:51,627 - INFO - Starting batch processing of dates...
2025-09-26 13:40:51,642 - INFO - Found 5 dates to process
2025-09-26 13:40:51,656 - INFO - Submitting 5 tasks to thread pool...
2025-09-26 13:40:51,663 - INFO - Processing date 20190708 (attempt 32)
2025-09-26 13:40:51,664 - INFO - Processing date 20250923 (attempt 1)
2025-09-26 13:40:51,664 - INFO - Processing date 20250924 (attempt 1)
2025-09-26 13:40:51,664 - INFO - Processing date 20250925 (attempt 1)
2025-09-26 13:40:51,664 - INFO - All tasks submitted. Processing results...
2025-09-26 13:40:51,679 - INFO - Querying NeSPReSO API for date: 2019-07-08
2025-09-26 13:40:51,692 - INFO - Querying NeSPReSO API for date: 2025-09-23
2025-09-26 13:40:51,699 - INFO - Querying NeSPReSO API for date: 2025-09-24
2025-09-26 13:40:51,714 - INFO - Querying NeSPReSO API for date: 2025-09-25
2025-09-26 13:40:55,237 - INFO - Successfully processed date 2025-09-24, saved to /Net/work/ozavala/DATA/SubSurfaceFields/NeSPReSO/nespreso_grid_2025-09-24.nc
2025-09-26 13:40:55,239 - INFO - Date 20250924 processed successfully
2025-09-26 13:40:55,260 - INFO - Processing date 20250926 (attempt 1)
2025-09-26 13:40:55,267 - INFO - Querying NeSPReSO API for date: 2025-09-26
2025-09-26 13:40:55,506 - ERROR - Date 2019-07-08: API request failed with status 503: {"error":"Satellite data unavailable: No locations remaining after satellite data filtering. Please try again later."}

2025-09-26 13:40:55,507 - ERROR - Date 20190708 failed after 32 attempts
2025-09-26 13:40:55,951 - INFO - Successfully processed date 2025-09-25, saved to /Net/work/ozavala/DATA/SubSurfaceFields/NeSPReSO/nespreso_grid_2025-09-25.nc
2025-09-26 13:40:55,952 - INFO - Date 20250925 processed successfully
2025-09-26 13:40:58,398 - INFO - Successfully processed date 2025-09-26, saved to /Net/work/ozavala/DATA/SubSurfaceFields/NeSPReSO/nespreso_grid_2025-09-26.nc
2025-09-26 13:40:58,402 - INFO - Date 20250926 processed successfully
2025-09-26 13:40:58,450 - INFO - Successfully processed date 2025-09-23, saved to /Net/work/ozavala/DATA/SubSurfaceFields/NeSPReSO/nespreso_grid_2025-09-23.nc
2025-09-26 13:40:58,452 - INFO - Date 20250923 processed successfully
2025-09-26 13:40:58,574 - INFO - Checkpoint saved successfully
2025-09-26 13:40:58,574 - INFO - Batch processing completed. 4/5 dates processed successfully, 1 failed
2025-09-26 13:40:58,582 - INFO - Generating summary report...
2025-09-26 13:40:58,661 - INFO - Summary report saved to /Net/work/ozavala/DATA/SubSurfaceFields/NeSPReSO/archive_summary.json
2025-09-26 13:40:58,661 - INFO - Archive Summary: 3835/3836 dates processed successfully (100.0%)
2025-10-03 16:07:17,607 - INFO - Loaded checkpoint with 3840 dates
2025-10-03 16:07:17,608 - INFO - Archive Builder initialized with config: {'sst_root': '/Net/work/ozavala/DATA/GOFFISH/SST/OISST/', 'sss_root': '/Net/work/ozavala/DATA/GOFFISH/SSS/SMAP_Global/', 'aviso_root': '/Net/work/ozavala/DATA/GOFFISH/AVISO/GoM/', 'new_aviso_root': '/Net/work/ozavala/DATA/GOFFISH/AVISO/GoM/CMEMS_GLOBAL_PHY_ANFC/', 'api_url': 'https://ozavala.coaps.fsu.edu/nespreso_grid', 'output_dir': '/Net/work/ozavala/DATA/SubSurfaceFields/NeSPReSO', 'checkpoint_file': '/Net/work/ozavala/DATA/SubSurfaceFields/NeSPReSO/archive_checkpoint.json', 'max_workers': 4, 'retry_attempts': 3, 'retry_delay': 5}
2025-10-03 16:07:17,608 - INFO - Resuming archive building...
2025-10-03 16:07:17,608 - INFO - Resuming archive building from checkpoint...
2025-10-03 16:07:17,608 - INFO - Scanning for newly available complete dates to update checkpoint...
2025-10-03 16:07:17,608 - INFO - Getting complete dates using scanner...
2025-10-03 16:07:24,058 - INFO - Computed common start year across sources: SST=2002, SSS=2015, AVISO=1993 -> start_year=2015
2025-10-03 16:07:24,071 - INFO - Found 3840 dates with complete satellite data (daily intersection)
2025-10-03 16:07:24,072 - INFO - Initializing date statuses...
2025-10-03 16:07:24,204 - INFO - Checkpoint saved successfully
2025-10-03 16:07:24,204 - INFO - Converting checkpoint data to date statuses...
2025-10-03 16:07:24,209 - INFO - Converted 3840 date statuses from checkpoint
2025-10-03 16:07:24,210 - INFO - Found 1 unprocessed dates to continue with...
2025-10-03 16:07:24,210 - INFO - Starting batch processing of dates...
2025-10-03 16:07:24,210 - INFO - Found 1 dates to process
2025-10-03 16:07:24,210 - INFO - Submitting 1 tasks to thread pool...
2025-10-03 16:07:24,210 - INFO - Processing date 20190708 (attempt 41)
2025-10-03 16:07:24,211 - INFO - All tasks submitted. Processing results...
2025-10-03 16:07:24,212 - INFO - Querying NeSPReSO API for date: 2019-07-08
2025-10-03 16:07:24,437 - ERROR - Date 2019-07-08: API request failed with status 503: {"error":"Satellite data unavailable: No locations remaining after satellite data filtering. Please try again later."}

2025-10-03 16:07:24,438 - ERROR - Date 20190708 failed after 41 attempts
2025-10-03 16:07:24,520 - INFO - Checkpoint saved successfully
2025-10-03 16:07:24,520 - INFO - Progress: 0/1 dates completed, 1 failed
2025-10-03 16:07:24,588 - INFO - Checkpoint saved successfully
2025-10-03 16:07:24,588 - INFO - Batch processing completed. 0/1 dates processed successfully, 1 failed
2025-10-03 16:07:24,588 - INFO - Generating summary report...
2025-10-03 16:07:24,681 - INFO - Summary report saved to /Net/work/ozavala/DATA/SubSurfaceFields/NeSPReSO/archive_summary.json
2025-10-03 16:07:24,681 - INFO - Archive Summary: 3839/3840 dates processed successfully (100.0%)
2025-10-03 16:20:35,550 - INFO - Loaded checkpoint with 3840 dates
2025-10-03 16:20:35,550 - INFO - Archive Builder initialized with config: {'sst_root': '/Net/work/ozavala/DATA/GOFFISH/SST/OISST/', 'sss_root': '/Net/work/ozavala/DATA/GOFFISH/SSS/SMAP_Global/', 'aviso_root': '/Net/work/ozavala/DATA/GOFFISH/AVISO/GoM/', 'new_aviso_root': '/Net/work/ozavala/DATA/GOFFISH/AVISO/GoM/CMEMS_GLOBAL_PHY_ANFC/', 'api_url': 'https://ozavala.coaps.fsu.edu/nespreso_grid', 'output_dir': '/Net/work/ozavala/DATA/SubSurfaceFields/NeSPReSO', 'checkpoint_file': '/Net/work/ozavala/DATA/SubSurfaceFields/NeSPReSO/archive_checkpoint.json', 'max_workers': 4, 'retry_attempts': 3, 'retry_delay': 5}
2025-10-03 16:20:35,550 - INFO - Resuming archive building...
2025-10-03 16:20:35,550 - INFO - Resuming archive building from checkpoint...
2025-10-03 16:20:35,550 - INFO - Scanning for newly available complete dates to update checkpoint...
2025-10-03 16:20:35,550 - INFO - Getting complete dates using scanner...
2025-10-03 16:20:36,213 - INFO - Computed common start year across sources: SST=2002, SSS=2015, AVISO=1993 -> start_year=2015
2025-10-03 16:20:36,226 - INFO - Found 3840 dates with complete satellite data (daily intersection)
2025-10-03 16:20:36,227 - INFO - Initializing date statuses...
2025-10-03 16:20:36,304 - INFO - Checkpoint saved successfully
2025-10-03 16:20:36,304 - INFO - Converting checkpoint data to date statuses...
2025-10-03 16:20:36,310 - INFO - Converted 3840 date statuses from checkpoint
2025-10-03 16:20:36,310 - INFO - Found 1 unprocessed dates to continue with...
2025-10-03 16:20:36,310 - INFO - Starting batch processing of dates...
2025-10-03 16:20:36,310 - INFO - Found 1 dates to process
2025-10-03 16:20:36,310 - INFO - Submitting 1 tasks to thread pool...
2025-10-03 16:20:36,311 - INFO - Processing date 20190708 (attempt 42)
2025-10-03 16:20:36,311 - INFO - All tasks submitted. Processing results...
2025-10-03 16:20:36,312 - INFO - Querying NeSPReSO API for date: 2019-07-08
2025-10-03 16:20:36,575 - ERROR - Date 2019-07-08: API request failed with status 503: {"error":"Satellite data unavailable: No locations remaining after satellite data filtering. Please try again later."}

2025-10-03 16:20:36,576 - ERROR - Date 20190708 failed after 42 attempts
2025-10-03 16:20:36,704 - INFO - Checkpoint saved successfully
2025-10-03 16:20:36,704 - INFO - Progress: 0/1 dates completed, 1 failed
2025-10-03 16:20:36,777 - INFO - Checkpoint saved successfully
2025-10-03 16:20:36,777 - INFO - Batch processing completed. 0/1 dates processed successfully, 1 failed
2025-10-03 16:20:36,777 - INFO - Generating summary report...
2025-10-03 16:20:36,829 - INFO - Summary report saved to /Net/work/ozavala/DATA/SubSurfaceFields/NeSPReSO/archive_summary.json
2025-10-03 16:20:36,829 - INFO - Archive Summary: 3839/3840 dates processed successfully (100.0%)
2025-10-06 07:54:51,746 - INFO - Loaded checkpoint with 3840 dates
2025-10-06 07:54:51,746 - INFO - Archive Builder initialized with config: {'sst_root': '/Net/work/ozavala/DATA/GOFFISH/SST/OISST/', 'sss_root': '/Net/work/ozavala/DATA/GOFFISH/SSS/SMAP_Global/', 'aviso_root': '/Net/work/ozavala/DATA/GOFFISH/AVISO/GoM/', 'new_aviso_root': '/Net/work/ozavala/DATA/GOFFISH/AVISO/GoM/CMEMS_GLOBAL_PHY_ANFC/', 'api_url': 'https://ozavala.coaps.fsu.edu/nespreso_grid', 'output_dir': '/Net/work/ozavala/DATA/SubSurfaceFields/NeSPReSO', 'checkpoint_file': '/Net/work/ozavala/DATA/SubSurfaceFields/NeSPReSO/archive_checkpoint.json', 'max_workers': 4, 'retry_attempts': 3, 'retry_delay': 5}
2025-10-06 07:54:51,746 - INFO - Resuming archive building...
2025-10-06 07:54:51,746 - INFO - Resuming archive building from checkpoint...
2025-10-06 07:54:51,746 - INFO - Scanning for newly available complete dates to update checkpoint...
2025-10-06 07:54:51,746 - INFO - Getting complete dates using scanner...
2025-10-06 07:55:01,253 - INFO - Computed common start year across sources: SST=2002, SSS=2015, AVISO=1993 -> start_year=2015
2025-10-06 07:55:01,266 - INFO - Found 3840 dates with complete satellite data (daily intersection)
2025-10-06 07:55:01,267 - INFO - Initializing date statuses...
2025-10-06 07:55:01,395 - INFO - Checkpoint saved successfully
2025-10-06 07:55:01,395 - INFO - Converting checkpoint data to date statuses...
2025-10-06 07:55:01,401 - INFO - Converted 3840 date statuses from checkpoint
2025-10-06 07:55:01,401 - INFO - Found 1 unprocessed dates to continue with...
2025-10-06 07:55:01,401 - INFO - Starting batch processing of dates...
2025-10-06 07:55:01,402 - INFO - Found 1 dates to process
2025-10-06 07:55:01,402 - INFO - Submitting 1 tasks to thread pool...
2025-10-06 07:55:01,402 - INFO - Processing date 20190708 (attempt 45)
2025-10-06 07:55:01,402 - INFO - All tasks submitted. Processing results...
2025-10-06 07:55:01,404 - INFO - Querying NeSPReSO API for date: 2019-07-08
2025-10-06 07:55:01,662 - ERROR - Date 2019-07-08: API request failed with status 503: {"error":"Satellite data unavailable: No locations remaining after satellite data filtering. Please try again later."}

2025-10-06 07:55:01,663 - ERROR - Date 20190708 failed after 45 attempts
2025-10-06 07:55:01,756 - INFO - Checkpoint saved successfully
2025-10-06 07:55:01,756 - INFO - Progress: 0/1 dates completed, 1 failed
2025-10-06 07:55:01,863 - INFO - Checkpoint saved successfully
2025-10-06 07:55:01,863 - INFO - Batch processing completed. 0/1 dates processed successfully, 1 failed
2025-10-06 07:55:01,863 - INFO - Generating summary report...
2025-10-06 07:55:01,965 - INFO - Summary report saved to /Net/work/ozavala/DATA/SubSurfaceFields/NeSPReSO/archive_summary.json
2025-10-06 07:55:01,965 - INFO - Archive Summary: 3839/3840 dates processed successfully (100.0%)
2025-11-08 09:01:51,899 - INFO - Loaded checkpoint with 3874 dates
2025-11-08 09:01:51,899 - INFO - Archive Builder initialized with config: {'sst_root': '/Net/work/ozavala/DATA/GOFFISH/SST/OISST/', 'sss_root': '/Net/work/ozavala/DATA/GOFFISH/SSS/SMAP_Global/', 'aviso_root': '/Net/work/ozavala/DATA/GOFFISH/AVISO/GoM/', 'new_aviso_root': '/Net/work/ozavala/DATA/GOFFISH/AVISO/GoM/CMEMS_GLOBAL_PHY_ANFC/', 'api_url': 'https://ozavala.coaps.fsu.edu/nespreso_grid', 'output_dir': '/Net/work/ozavala/DATA/SubSurfaceFields/NeSPReSO', 'checkpoint_file': '/Net/work/ozavala/DATA/SubSurfaceFields/NeSPReSO/archive_checkpoint.json', 'max_workers': 4, 'retry_attempts': 3, 'retry_delay': 5}
2025-11-08 09:01:51,899 - INFO - Resuming archive building...
2025-11-08 09:01:51,899 - INFO - Resuming archive building from checkpoint...
2025-11-08 09:01:51,899 - INFO - Scanning for newly available complete dates to update checkpoint...
2025-11-08 09:01:51,899 - INFO - Getting complete dates using scanner...
2025-11-08 09:01:54,778 - INFO - Computed common start year across sources: SST=2002, SSS=2015, AVISO=1993 -> start_year=2015
2025-11-08 09:01:54,792 - INFO - Found 3874 dates with complete satellite data (daily intersection)
2025-11-08 09:01:54,793 - INFO - Initializing date statuses...
2025-11-08 09:01:54,870 - INFO - Checkpoint saved successfully
2025-11-08 09:01:54,870 - INFO - Converting checkpoint data to date statuses...
2025-11-08 09:01:54,876 - INFO - Converted 3874 date statuses from checkpoint
2025-11-08 09:01:54,876 - INFO - Found 1 unprocessed dates to continue with...
2025-11-08 09:01:54,876 - INFO - Starting batch processing of dates...
2025-11-08 09:01:54,876 - INFO - Found 1 dates to process
2025-11-08 09:01:54,877 - INFO - Submitting 1 tasks to thread pool...
2025-11-08 09:01:54,877 - INFO - Processing date 20190708 (attempt 78)
2025-11-08 09:01:54,877 - INFO - All tasks submitted. Processing results...
2025-11-08 09:01:54,878 - INFO - Querying NeSPReSO API for date: 2019-07-08
2025-11-08 09:01:55,106 - ERROR - Date 2019-07-08: API request failed with status 503: {"error":"Satellite data unavailable: No locations remaining after satellite data filtering. Please try again later."}

2025-11-08 09:01:55,107 - ERROR - Date 20190708 failed after 78 attempts
2025-11-08 09:01:55,169 - INFO - Checkpoint saved successfully
2025-11-08 09:01:55,170 - INFO - Progress: 0/1 dates completed, 1 failed
2025-11-08 09:01:55,240 - INFO - Checkpoint saved successfully
2025-11-08 09:01:55,240 - INFO - Batch processing completed. 0/1 dates processed successfully, 1 failed
2025-11-08 09:01:55,240 - INFO - Generating summary report...
2025-11-08 09:01:55,299 - INFO - Summary report saved to /Net/work/ozavala/DATA/SubSurfaceFields/NeSPReSO/archive_summary.json
2025-11-08 09:01:55,299 - INFO - Archive Summary: 3873/3874 dates processed successfully (100.0%)
